============================= test session starts =============================
platform win32 -- Python 3.10.9, pytest-9.0.2, pluggy-1.6.0
rootdir: D:\Churn-Guard-AI
plugins: anyio-3.5.0
collected 1 item

backend\tests\test_main.py F                                             [100%]

================================== FAILURES ===================================
_______________________________ test_read_main ________________________________

client = <starlette.testclient.TestClient object at 0x000001DF70A83070>

    def test_read_main(client):
        """Test the root endpoint."""
        response = client.get("/")
        assert response.status_code == status.HTTP_200_OK
>       assert response.json() == {"message": "Telco Churn Prediction API (Modularized)"}
E       AssertionError: assert {'docs': '/do...ion': '2.0.0'} == {'message': '...Modularized)'}
E         
E         Differing items:
E         {'message': 'Churn Guard AI API'} != {'message': 'Telco Churn Prediction API (Modularized)'}
E         Left contains 3 more items:
E         {'docs': '/docs', 'status': 'running', 'version': '2.0.0'}
E         Use -v to get more diff

backend\tests\test_main.py:7: AssertionError
---------------------------- Captured stderr call -----------------------------
2026-02-02 11:15:29,127 - ChurnGuardAI - INFO - Path: / Method: GET Status: 200 Duration: 0.0020s
------------------------------ Captured log call ------------------------------
INFO     ChurnGuardAI:main.py:74 Path: / Method: GET Status: 200 Duration: 0.0020s
============================== warnings summary ===============================
C:\Users\USER\anaconda3\lib\site-packages\starlette\formparsers.py:12
  C:\Users\USER\anaconda3\lib\site-packages\starlette\formparsers.py:12: PendingDeprecationWarning: Please use `import python_multipart` instead.
    import multipart

C:\Users\USER\anaconda3\lib\site-packages\pandas\core\arrays\masked.py:61
  C:\Users\USER\anaconda3\lib\site-packages\pandas\core\arrays\masked.py:61: UserWarning: Pandas requires version '1.3.6' or newer of 'bottleneck' (version '1.3.5' currently installed).
    from pandas.core import (

C:\Users\USER\anaconda3\lib\site-packages\pydantic\_internal\_config.py:291
C:\Users\USER\anaconda3\lib\site-packages\pydantic\_internal\_config.py:291
C:\Users\USER\anaconda3\lib\site-packages\pydantic\_internal\_config.py:291
  C:\Users\USER\anaconda3\lib\site-packages\pydantic\_internal\_config.py:291: PydanticDeprecatedSince20: Support for class-based `config` is deprecated, use ConfigDict instead. Deprecated in Pydantic V2.0 to be removed in V3.0. See Pydantic V2 Migration Guide at https://errors.pydantic.dev/2.8/migration/
    warnings.warn(DEPRECATION_MESSAGE, DeprecationWarning)

C:\Users\USER\anaconda3\lib\site-packages\pydantic\_internal\_fields.py:161
  C:\Users\USER\anaconda3\lib\site-packages\pydantic\_internal\_fields.py:161: UserWarning: Field "model_version" has conflict with protected namespace "model_".
  
  You may be able to resolve this warning by setting `model_config['protected_namespaces'] = ()`.
    warnings.warn(

C:\Users\USER\anaconda3\lib\site-packages\pydantic\_internal\_fields.py:161
  C:\Users\USER\anaconda3\lib\site-packages\pydantic\_internal\_fields.py:161: UserWarning: Field "model_metrics" has conflict with protected namespace "model_".
  
  You may be able to resolve this warning by setting `model_config['protected_namespaces'] = ()`.
    warnings.warn(

-- Docs: https://docs.pytest.org/en/stable/how-to/capture-warnings.html
=========================== short test summary info ===========================
FAILED backend/tests/test_main.py::test_read_main - AssertionError: assert {'...
======================== 1 failed, 7 warnings in 0.60s ========================
